


                               __________________________________________
                              |                                          |
                              |  NUMERICAL ELECTROMAGNETICS CODE (nec2c) |
                              |   Translated to 'C' in Double Precision  |
                              |__________________________________________|



                               ---------------- COMMENTS ----------------
                               Axial-mode helix antenna, UHF CubeSat beacon, f=435MHz
                               Design: C=1*lambda, pitch=12.8deg, n=10 turns, ground-plane fed
                               Verified via necpp (open-source NEC2): see STAGE4_FINDINGS.md
                               Zin ~ 200 + j-45 ohm (converged), Gain ~ 10.5 dBi (converged)
                              



                               -------- STRUCTURE SPECIFICATION --------
                                     COORDINATES MUST BE INPUT IN
                                     METERS OR BE SCALED TO METERS
                                     BEFORE STRUCTURE INPUT IS ENDED

  WIRE                                                                                 SEG FIRST  LAST  TAG
   No:        X1         Y1         Z1         X2         Y2         Z2       RADIUS   No:   SEG   SEG  No:
     1     0.10969    0.00000    0.01000    0.10595    0.02839    0.01652    0.00100     1     1     1    1
     2     0.10595    0.02839    0.01652    0.09499    0.05484    0.02305    0.00100     1     2     2    2
     3     0.09499    0.05484    0.02305    0.07756    0.07756    0.02957    0.00100     1     3     3    3
     4     0.07756    0.07756    0.02957    0.05484    0.09499    0.03610    0.00100     1     4     4    4
     5     0.05484    0.09499    0.03610    0.02839    0.10595    0.04262    0.00100     1     5     5    5
     6     0.02839    0.10595    0.04262    0.00000    0.10969    0.04914    0.00100     1     6     6    6
     7     0.00000    0.10969    0.04914   -0.02839    0.10595    0.05567    0.00100     1     7     7    7
     8    -0.02839    0.10595    0.05567   -0.05484    0.09499    0.06219    0.00100     1     8     8    8
     9    -0.05484    0.09499    0.06219   -0.07756    0.07756    0.06872    0.00100     1     9     9    9
    10    -0.07756    0.07756    0.06872   -0.09499    0.05484    0.07524    0.00100     1    10    10   10
    11    -0.09499    0.05484    0.07524   -0.10595    0.02839    0.08177    0.00100     1    11    11   11
    12    -0.10595    0.02839    0.08177   -0.10969    0.00000    0.08829    0.00100     1    12    12   12
    13    -0.10969    0.00000    0.08829   -0.10595   -0.02839    0.09481    0.00100     1    13    13   13
    14    -0.10595   -0.02839    0.09481   -0.09499   -0.05484    0.10134    0.00100     1    14    14   14
    15    -0.09499   -0.05484    0.10134   -0.07756   -0.07756    0.10786    0.00100     1    15    15   15
    16    -0.07756   -0.07756    0.10786   -0.05484   -0.09499    0.11439    0.00100     1    16    16   16
    17    -0.05484   -0.09499    0.11439   -0.02839   -0.10595    0.12091    0.00100     1    17    17   17
    18    -0.02839   -0.10595    0.12091   -0.00000   -0.10969    0.12743    0.00100     1    18    18   18
    19    -0.00000   -0.10969    0.12743    0.02839   -0.10595    0.13396    0.00100     1    19    19   19
    20     0.02839   -0.10595    0.13396    0.05484   -0.09499    0.14048    0.00100     1    20    20   20
    21     0.05484   -0.09499    0.14048    0.07756   -0.07756    0.14700    0.00100     1    21    21   21
    22     0.07756   -0.07756    0.14700    0.09499   -0.05484    0.15353    0.00100     1    22    22   22
    23     0.09499   -0.05484    0.15353    0.10595   -0.02839    0.16005    0.00100     1    23    23   23
    24     0.10595   -0.02839    0.16005    0.10969   -0.00000    0.16658    0.00100     1    24    24   24
    25     0.10969   -0.00000    0.16658    0.10595    0.02839    0.17310    0.00100     1    25    25   25
    26     0.10595    0.02839    0.17310    0.09499    0.05484    0.17963    0.00100     1    26    26   26
    27     0.09499    0.05484    0.17963    0.07756    0.07756    0.18615    0.00100     1    27    27   27
    28     0.07756    0.07756    0.18615    0.05484    0.09499    0.19267    0.00100     1    28    28   28
    29     0.05484    0.09499    0.19267    0.02839    0.10595    0.19920    0.00100     1    29    29   29
    30     0.02839    0.10595    0.19920    0.00000    0.10969    0.20572    0.00100     1    30    30   30
    31     0.00000    0.10969    0.20572   -0.02839    0.10595    0.21225    0.00100     1    31    31   31
    32    -0.02839    0.10595    0.21225   -0.05484    0.09499    0.21877    0.00100     1    32    32   32
    33    -0.05484    0.09499    0.21877   -0.07756    0.07756    0.22529    0.00100     1    33    33   33
    34    -0.07756    0.07756    0.22529   -0.09499    0.05484    0.23182    0.00100     1    34    34   34
    35    -0.09499    0.05484    0.23182   -0.10595    0.02839    0.23834    0.00100     1    35    35   35
    36    -0.10595    0.02839    0.23834   -0.10969    0.00000    0.24487    0.00100     1    36    36   36
    37    -0.10969    0.00000    0.24487   -0.10595   -0.02839    0.25139    0.00100     1    37    37   37
    38    -0.10595   -0.02839    0.25139   -0.09499   -0.05484    0.25791    0.00100     1    38    38   38
    39    -0.09499   -0.05484    0.25791   -0.07756   -0.07756    0.26444    0.00100     1    39    39   39
    40    -0.07756   -0.07756    0.26444   -0.05484   -0.09499    0.27096    0.00100     1    40    40   40
    41    -0.05484   -0.09499    0.27096   -0.02839   -0.10595    0.27749    0.00100     1    41    41   41
    42    -0.02839   -0.10595    0.27749   -0.00000   -0.10969    0.28401    0.00100     1    42    42   42
    43    -0.00000   -0.10969    0.28401    0.02839   -0.10595    0.29053    0.00100     1    43    43   43
    44     0.02839   -0.10595    0.29053    0.05484   -0.09499    0.29706    0.00100     1    44    44   44
    45     0.05484   -0.09499    0.29706    0.07756   -0.07756    0.30358    0.00100     1    45    45   45
    46     0.07756   -0.07756    0.30358    0.09499   -0.05484    0.31011    0.00100     1    46    46   46
    47     0.09499   -0.05484    0.31011    0.10595   -0.02839    0.31663    0.00100     1    47    47   47
    48     0.10595   -0.02839    0.31663    0.10969   -0.00000    0.32316    0.00100     1    48    48   48
    49     0.10969   -0.00000    0.32316    0.10595    0.02839    0.32968    0.00100     1    49    49   49
    50     0.10595    0.02839    0.32968    0.09499    0.05484    0.33620    0.00100     1    50    50   50
    51     0.09499    0.05484    0.33620    0.07756    0.07756    0.34273    0.00100     1    51    51   51
    52     0.07756    0.07756    0.34273    0.05484    0.09499    0.34925    0.00100     1    52    52   52
    53     0.05484    0.09499    0.34925    0.02839    0.10595    0.35578    0.00100     1    53    53   53
    54     0.02839    0.10595    0.35578    0.00000    0.10969    0.36230    0.00100     1    54    54   54
    55     0.00000    0.10969    0.36230   -0.02839    0.10595    0.36882    0.00100     1    55    55   55
    56    -0.02839    0.10595    0.36882   -0.05484    0.09499    0.37535    0.00100     1    56    56   56
    57    -0.05484    0.09499    0.37535   -0.07756    0.07756    0.38187    0.00100     1    57    57   57
    58    -0.07756    0.07756    0.38187   -0.09499    0.05484    0.38839    0.00100     1    58    58   58
    59    -0.09499    0.05484    0.38839   -0.10595    0.02839    0.39492    0.00100     1    59    59   59
    60    -0.10595    0.02839    0.39492   -0.10969    0.00000    0.40144    0.00100     1    60    60   60
    61    -0.10969    0.00000    0.40144   -0.10595   -0.02839    0.40797    0.00100     1    61    61   61
    62    -0.10595   -0.02839    0.40797   -0.09499   -0.05484    0.41449    0.00100     1    62    62   62
    63    -0.09499   -0.05484    0.41449   -0.07756   -0.07756    0.42102    0.00100     1    63    63   63
    64    -0.07756   -0.07756    0.42102   -0.05484   -0.09499    0.42754    0.00100     1    64    64   64
    65    -0.05484   -0.09499    0.42754   -0.02839   -0.10595    0.43406    0.00100     1    65    65   65
    66    -0.02839   -0.10595    0.43406   -0.00000   -0.10969    0.44059    0.00100     1    66    66   66
    67    -0.00000   -0.10969    0.44059    0.02839   -0.10595    0.44711    0.00100     1    67    67   67
    68     0.02839   -0.10595    0.44711    0.05484   -0.09499    0.45364    0.00100     1    68    68   68
    69     0.05484   -0.09499    0.45364    0.07756   -0.07756    0.46016    0.00100     1    69    69   69
    70     0.07756   -0.07756    0.46016    0.09499   -0.05484    0.46668    0.00100     1    70    70   70
    71     0.09499   -0.05484    0.46668    0.10595   -0.02839    0.47321    0.00100     1    71    71   71
    72     0.10595   -0.02839    0.47321    0.10969   -0.00000    0.47973    0.00100     1    72    72   72
    73     0.10969   -0.00000    0.47973    0.10595    0.02839    0.48626    0.00100     1    73    73   73
    74     0.10595    0.02839    0.48626    0.09499    0.05484    0.49278    0.00100     1    74    74   74
    75     0.09499    0.05484    0.49278    0.07756    0.07756    0.49930    0.00100     1    75    75   75
    76     0.07756    0.07756    0.49930    0.05484    0.09499    0.50583    0.00100     1    76    76   76
    77     0.05484    0.09499    0.50583    0.02839    0.10595    0.51235    0.00100     1    77    77   77
    78     0.02839    0.10595    0.51235    0.00000    0.10969    0.51888    0.00100     1    78    78   78
    79     0.00000    0.10969    0.51888   -0.02839    0.10595    0.52540    0.00100     1    79    79   79
    80    -0.02839    0.10595    0.52540   -0.05484    0.09499    0.53192    0.00100     1    80    80   80
    81    -0.05484    0.09499    0.53192   -0.07756    0.07756    0.53845    0.00100     1    81    81   81
    82    -0.07756    0.07756    0.53845   -0.09499    0.05484    0.54497    0.00100     1    82    82   82
    83    -0.09499    0.05484    0.54497   -0.10595    0.02839    0.55150    0.00100     1    83    83   83
    84    -0.10595    0.02839    0.55150   -0.10969    0.00000    0.55802    0.00100     1    84    84   84
    85    -0.10969    0.00000    0.55802   -0.10595   -0.02839    0.56454    0.00100     1    85    85   85
    86    -0.10595   -0.02839    0.56454   -0.09499   -0.05484    0.57107    0.00100     1    86    86   86
    87    -0.09499   -0.05484    0.57107   -0.07756   -0.07756    0.57759    0.00100     1    87    87   87
    88    -0.07756   -0.07756    0.57759   -0.05484   -0.09499    0.58412    0.00100     1    88    88   88
    89    -0.05484   -0.09499    0.58412   -0.02839   -0.10595    0.59064    0.00100     1    89    89   89
    90    -0.02839   -0.10595    0.59064   -0.00000   -0.10969    0.59716    0.00100     1    90    90   90
    91    -0.00000   -0.10969    0.59716    0.02839   -0.10595    0.60369    0.00100     1    91    91   91
    92     0.02839   -0.10595    0.60369    0.05484   -0.09499    0.61021    0.00100     1    92    92   92
    93     0.05484   -0.09499    0.61021    0.07756   -0.07756    0.61674    0.00100     1    93    93   93
    94     0.07756   -0.07756    0.61674    0.09499   -0.05484    0.62326    0.00100     1    94    94   94
    95     0.09499   -0.05484    0.62326    0.10595   -0.02839    0.62979    0.00100     1    95    95   95
    96     0.10595   -0.02839    0.62979    0.10969   -0.00000    0.63631    0.00100     1    96    96   96
    97     0.10969   -0.00000    0.63631    0.10595    0.02839    0.64283    0.00100     1    97    97   97
    98     0.10595    0.02839    0.64283    0.09499    0.05484    0.64936    0.00100     1    98    98   98
    99     0.09499    0.05484    0.64936    0.07756    0.07756    0.65588    0.00100     1    99    99   99
   100     0.07756    0.07756    0.65588    0.05484    0.09499    0.66241    0.00100     1   100   100  100
   101     0.05484    0.09499    0.66241    0.02839    0.10595    0.66893    0.00100     1   101   101  101
   102     0.02839    0.10595    0.66893    0.00000    0.10969    0.67545    0.00100     1   102   102  102
   103     0.00000    0.10969    0.67545   -0.02839    0.10595    0.68198    0.00100     1   103   103  103
   104    -0.02839    0.10595    0.68198   -0.05484    0.09499    0.68850    0.00100     1   104   104  104
   105    -0.05484    0.09499    0.68850   -0.07756    0.07756    0.69503    0.00100     1   105   105  105
   106    -0.07756    0.07756    0.69503   -0.09499    0.05484    0.70155    0.00100     1   106   106  106
   107    -0.09499    0.05484    0.70155   -0.10595    0.02839    0.70807    0.00100     1   107   107  107
   108    -0.10595    0.02839    0.70807   -0.10969    0.00000    0.71460    0.00100     1   108   108  108
   109    -0.10969    0.00000    0.71460   -0.10595   -0.02839    0.72112    0.00100     1   109   109  109
   110    -0.10595   -0.02839    0.72112   -0.09499   -0.05484    0.72765    0.00100     1   110   110  110
   111    -0.09499   -0.05484    0.72765   -0.07756   -0.07756    0.73417    0.00100     1   111   111  111
   112    -0.07756   -0.07756    0.73417   -0.05484   -0.09499    0.74069    0.00100     1   112   112  112
   113    -0.05484   -0.09499    0.74069   -0.02839   -0.10595    0.74722    0.00100     1   113   113  113
   114    -0.02839   -0.10595    0.74722   -0.00000   -0.10969    0.75374    0.00100     1   114   114  114
   115    -0.00000   -0.10969    0.75374    0.02839   -0.10595    0.76027    0.00100     1   115   115  115
   116     0.02839   -0.10595    0.76027    0.05484   -0.09499    0.76679    0.00100     1   116   116  116
   117     0.05484   -0.09499    0.76679    0.07756   -0.07756    0.77331    0.00100     1   117   117  117
   118     0.07756   -0.07756    0.77331    0.09499   -0.05484    0.77984    0.00100     1   118   118  118
   119     0.09499   -0.05484    0.77984    0.10595   -0.02839    0.78636    0.00100     1   119   119  119
   120     0.10595   -0.02839    0.78636    0.10969   -0.00000    0.79289    0.00100     1   120   120  120
   121     0.10969   -0.00000    0.79289    0.10595    0.02839    0.79941    0.00100     1   121   121  121
   122     0.10595    0.02839    0.79941    0.09499    0.05484    0.80593    0.00100     1   122   122  122
   123     0.09499    0.05484    0.80593    0.07756    0.07756    0.81246    0.00100     1   123   123  123
   124     0.07756    0.07756    0.81246    0.05484    0.09499    0.81898    0.00100     1   124   124  124
   125     0.05484    0.09499    0.81898    0.02839    0.10595    0.82551    0.00100     1   125   125  125
   126     0.02839    0.10595    0.82551    0.00000    0.10969    0.83203    0.00100     1   126   126  126
   127     0.00000    0.10969    0.83203   -0.02839    0.10595    0.83856    0.00100     1   127   127  127
   128    -0.02839    0.10595    0.83856   -0.05484    0.09499    0.84508    0.00100     1   128   128  128
   129    -0.05484    0.09499    0.84508   -0.07756    0.07756    0.85160    0.00100     1   129   129  129
   130    -0.07756    0.07756    0.85160   -0.09499    0.05484    0.85813    0.00100     1   130   130  130
   131    -0.09499    0.05484    0.85813   -0.10595    0.02839    0.86465    0.00100     1   131   131  131
   132    -0.10595    0.02839    0.86465   -0.10969    0.00000    0.87118    0.00100     1   132   132  132
   133    -0.10969    0.00000    0.87118   -0.10595   -0.02839    0.87770    0.00100     1   133   133  133
   134    -0.10595   -0.02839    0.87770   -0.09499   -0.05484    0.88422    0.00100     1   134   134  134
   135    -0.09499   -0.05484    0.88422   -0.07756   -0.07756    0.89075    0.00100     1   135   135  135
   136    -0.07756   -0.07756    0.89075   -0.05484   -0.09499    0.89727    0.00100     1   136   136  136
   137    -0.05484   -0.09499    0.89727   -0.02839   -0.10595    0.90380    0.00100     1   137   137  137
   138    -0.02839   -0.10595    0.90380   -0.00000   -0.10969    0.91032    0.00100     1   138   138  138
   139    -0.00000   -0.10969    0.91032    0.02839   -0.10595    0.91684    0.00100     1   139   139  139
   140     0.02839   -0.10595    0.91684    0.05484   -0.09499    0.92337    0.00100     1   140   140  140
   141     0.05484   -0.09499    0.92337    0.07756   -0.07756    0.92989    0.00100     1   141   141  141
   142     0.07756   -0.07756    0.92989    0.09499   -0.05484    0.93642    0.00100     1   142   142  142
   143     0.09499   -0.05484    0.93642    0.10595   -0.02839    0.94294    0.00100     1   143   143  143
   144     0.10595   -0.02839    0.94294    0.10969   -0.00000    0.94946    0.00100     1   144   144  144
   145     0.10969   -0.00000    0.94946    0.10595    0.02839    0.95599    0.00100     1   145   145  145
   146     0.10595    0.02839    0.95599    0.09499    0.05484    0.96251    0.00100     1   146   146  146
   147     0.09499    0.05484    0.96251    0.07756    0.07756    0.96904    0.00100     1   147   147  147
   148     0.07756    0.07756    0.96904    0.05484    0.09499    0.97556    0.00100     1   148   148  148
   149     0.05484    0.09499    0.97556    0.02839    0.10595    0.98208    0.00100     1   149   149  149
   150     0.02839    0.10595    0.98208    0.00000    0.10969    0.98861    0.00100     1   150   150  150
   151     0.00000    0.10969    0.98861   -0.02839    0.10595    0.99513    0.00100     1   151   151  151
   152    -0.02839    0.10595    0.99513   -0.05484    0.09499    1.00166    0.00100     1   152   152  152
   153    -0.05484    0.09499    1.00166   -0.07756    0.07756    1.00818    0.00100     1   153   153  153
   154    -0.07756    0.07756    1.00818   -0.09499    0.05484    1.01470    0.00100     1   154   154  154
   155    -0.09499    0.05484    1.01470   -0.10595    0.02839    1.02123    0.00100     1   155   155  155
   156    -0.10595    0.02839    1.02123   -0.10969    0.00000    1.02775    0.00100     1   156   156  156
   157    -0.10969    0.00000    1.02775   -0.10595   -0.02839    1.03428    0.00100     1   157   157  157
   158    -0.10595   -0.02839    1.03428   -0.09499   -0.05484    1.04080    0.00100     1   158   158  158
   159    -0.09499   -0.05484    1.04080   -0.07756   -0.07756    1.04733    0.00100     1   159   159  159
   160    -0.07756   -0.07756    1.04733   -0.05484   -0.09499    1.05385    0.00100     1   160   160  160
   161    -0.05484   -0.09499    1.05385   -0.02839   -0.10595    1.06037    0.00100     1   161   161  161
   162    -0.02839   -0.10595    1.06037   -0.00000   -0.10969    1.06690    0.00100     1   162   162  162
   163    -0.00000   -0.10969    1.06690    0.02839   -0.10595    1.07342    0.00100     1   163   163  163
   164     0.02839   -0.10595    1.07342    0.05484   -0.09499    1.07995    0.00100     1   164   164  164
   165     0.05484   -0.09499    1.07995    0.07756   -0.07756    1.08647    0.00100     1   165   165  165
   166     0.07756   -0.07756    1.08647    0.09499   -0.05484    1.09299    0.00100     1   166   166  166
   167     0.09499   -0.05484    1.09299    0.10595   -0.02839    1.09952    0.00100     1   167   167  167
   168     0.10595   -0.02839    1.09952    0.10969   -0.00000    1.10604    0.00100     1   168   168  168
   169     0.10969   -0.00000    1.10604    0.10595    0.02839    1.11257    0.00100     1   169   169  169
   170     0.10595    0.02839    1.11257    0.09499    0.05484    1.11909    0.00100     1   170   170  170
   171     0.09499    0.05484    1.11909    0.07756    0.07756    1.12561    0.00100     1   171   171  171
   172     0.07756    0.07756    1.12561    0.05484    0.09499    1.13214    0.00100     1   172   172  172
   173     0.05484    0.09499    1.13214    0.02839    0.10595    1.13866    0.00100     1   173   173  173
   174     0.02839    0.10595    1.13866    0.00000    0.10969    1.14519    0.00100     1   174   174  174
   175     0.00000    0.10969    1.14519   -0.02839    0.10595    1.15171    0.00100     1   175   175  175
   176    -0.02839    0.10595    1.15171   -0.05484    0.09499    1.15823    0.00100     1   176   176  176
   177    -0.05484    0.09499    1.15823   -0.07756    0.07756    1.16476    0.00100     1   177   177  177
   178    -0.07756    0.07756    1.16476   -0.09499    0.05484    1.17128    0.00100     1   178   178  178
   179    -0.09499    0.05484    1.17128   -0.10595    0.02839    1.17781    0.00100     1   179   179  179
   180    -0.10595    0.02839    1.17781   -0.10969    0.00000    1.18433    0.00100     1   180   180  180
   181    -0.10969    0.00000    1.18433   -0.10595   -0.02839    1.19085    0.00100     1   181   181  181
   182    -0.10595   -0.02839    1.19085   -0.09499   -0.05484    1.19738    0.00100     1   182   182  182
   183    -0.09499   -0.05484    1.19738   -0.07756   -0.07756    1.20390    0.00100     1   183   183  183
   184    -0.07756   -0.07756    1.20390   -0.05484   -0.09499    1.21043    0.00100     1   184   184  184
   185    -0.05484   -0.09499    1.21043   -0.02839   -0.10595    1.21695    0.00100     1   185   185  185
   186    -0.02839   -0.10595    1.21695   -0.00000   -0.10969    1.22348    0.00100     1   186   186  186
   187    -0.00000   -0.10969    1.22348    0.02839   -0.10595    1.23000    0.00100     1   187   187  187
   188     0.02839   -0.10595    1.23000    0.05484   -0.09499    1.23652    0.00100     1   188   188  188
   189     0.05484   -0.09499    1.23652    0.07756   -0.07756    1.24305    0.00100     1   189   189  189
   190     0.07756   -0.07756    1.24305    0.09499   -0.05484    1.24957    0.00100     1   190   190  190
   191     0.09499   -0.05484    1.24957    0.10595   -0.02839    1.25609    0.00100     1   191   191  191
   192     0.10595   -0.02839    1.25609    0.10969   -0.00000    1.26262    0.00100     1   192   192  192
   193     0.10969   -0.00000    1.26262    0.10595    0.02839    1.26914    0.00100     1   193   193  193
   194     0.10595    0.02839    1.26914    0.09499    0.05484    1.27567    0.00100     1   194   194  194
   195     0.09499    0.05484    1.27567    0.07756    0.07756    1.28219    0.00100     1   195   195  195
   196     0.07756    0.07756    1.28219    0.05484    0.09499    1.28872    0.00100     1   196   196  196
   197     0.05484    0.09499    1.28872    0.02839    0.10595    1.29524    0.00100     1   197   197  197
   198     0.02839    0.10595    1.29524    0.00000    0.10969    1.30176    0.00100     1   198   198  198
   199     0.00000    0.10969    1.30176   -0.02839    0.10595    1.30829    0.00100     1   199   199  199
   200    -0.02839    0.10595    1.30829   -0.05484    0.09499    1.31481    0.00100     1   200   200  200
   201    -0.05484    0.09499    1.31481   -0.07756    0.07756    1.32134    0.00100     1   201   201  201
   202    -0.07756    0.07756    1.32134   -0.09499    0.05484    1.32786    0.00100     1   202   202  202
   203    -0.09499    0.05484    1.32786   -0.10595    0.02839    1.33438    0.00100     1   203   203  203
   204    -0.10595    0.02839    1.33438   -0.10969    0.00000    1.34091    0.00100     1   204   204  204
   205    -0.10969    0.00000    1.34091   -0.10595   -0.02839    1.34743    0.00100     1   205   205  205
   206    -0.10595   -0.02839    1.34743   -0.09499   -0.05484    1.35396    0.00100     1   206   206  206
   207    -0.09499   -0.05484    1.35396   -0.07756   -0.07756    1.36048    0.00100     1   207   207  207
   208    -0.07756   -0.07756    1.36048   -0.05484   -0.09499    1.36700    0.00100     1   208   208  208
   209    -0.05484   -0.09499    1.36700   -0.02839   -0.10595    1.37353    0.00100     1   209   209  209
   210    -0.02839   -0.10595    1.37353   -0.00000   -0.10969    1.38005    0.00100     1   210   210  210
   211    -0.00000   -0.10969    1.38005    0.02839   -0.10595    1.38658    0.00100     1   211   211  211
   212     0.02839   -0.10595    1.38658    0.05484   -0.09499    1.39310    0.00100     1   212   212  212
   213     0.05484   -0.09499    1.39310    0.07756   -0.07756    1.39962    0.00100     1   213   213  213
   214     0.07756   -0.07756    1.39962    0.09499   -0.05484    1.40615    0.00100     1   214   214  214
   215     0.09499   -0.05484    1.40615    0.10595   -0.02839    1.41267    0.00100     1   215   215  215
   216     0.10595   -0.02839    1.41267    0.10969   -0.00000    1.41920    0.00100     1   216   216  216
   217     0.10969   -0.00000    1.41920    0.10595    0.02839    1.42572    0.00100     1   217   217  217
   218     0.10595    0.02839    1.42572    0.09499    0.05484    1.43224    0.00100     1   218   218  218
   219     0.09499    0.05484    1.43224    0.07756    0.07756    1.43877    0.00100     1   219   219  219
   220     0.07756    0.07756    1.43877    0.05484    0.09499    1.44529    0.00100     1   220   220  220
   221     0.05484    0.09499    1.44529    0.02839    0.10595    1.45182    0.00100     1   221   221  221
   222     0.02839    0.10595    1.45182    0.00000    0.10969    1.45834    0.00100     1   222   222  222
   223     0.00000    0.10969    1.45834   -0.02839    0.10595    1.46487    0.00100     1   223   223  223
   224    -0.02839    0.10595    1.46487   -0.05484    0.09499    1.47139    0.00100     1   224   224  224
   225    -0.05484    0.09499    1.47139   -0.07756    0.07756    1.47791    0.00100     1   225   225  225
   226    -0.07756    0.07756    1.47791   -0.09499    0.05484    1.48444    0.00100     1   226   226  226
   227    -0.09499    0.05484    1.48444   -0.10595    0.02839    1.49096    0.00100     1   227   227  227
   228    -0.10595    0.02839    1.49096   -0.10969    0.00000    1.49748    0.00100     1   228   228  228
   229    -0.10969    0.00000    1.49748   -0.10595   -0.02839    1.50401    0.00100     1   229   229  229
   230    -0.10595   -0.02839    1.50401   -0.09499   -0.05484    1.51053    0.00100     1   230   230  230
   231    -0.09499   -0.05484    1.51053   -0.07756   -0.07756    1.51706    0.00100     1   231   231  231
   232    -0.07756   -0.07756    1.51706   -0.05484   -0.09499    1.52358    0.00100     1   232   232  232
   233    -0.05484   -0.09499    1.52358   -0.02839   -0.10595    1.53011    0.00100     1   233   233  233
   234    -0.02839   -0.10595    1.53011   -0.00000   -0.10969    1.53663    0.00100     1   234   234  234
   235    -0.00000   -0.10969    1.53663    0.02839   -0.10595    1.54315    0.00100     1   235   235  235
   236     0.02839   -0.10595    1.54315    0.05484   -0.09499    1.54968    0.00100     1   236   236  236
   237     0.05484   -0.09499    1.54968    0.07756   -0.07756    1.55620    0.00100     1   237   237  237
   238     0.07756   -0.07756    1.55620    0.09499   -0.05484    1.56273    0.00100     1   238   238  238
   239     0.09499   -0.05484    1.56273    0.10595   -0.02839    1.56925    0.00100     1   239   239  239
   240     0.10595   -0.02839    1.56925    0.10969   -0.00000    1.57577    0.00100     1   240   240  240
   241     0.10969    0.00000    0.00000    0.10969    0.00000    0.01000    0.00100     1   241   241  241

     GROUND PLANE SPECIFIED.
     WHERE WIRE ENDS TOUCH GROUND, CURRENT WILL BE INTERPOLATED TO IMAGE IN GROUND PLANE.


     TOTAL SEGMENTS USED: 241   SEGMENTS IN A SYMMETRIC CELL: 241   SYMMETRY FLAG: 0


                               ---------- SEGMENTATION DATA ----------
                                        COORDINATES IN METERS
                            I+ AND I- INDICATE THE SEGMENTS BEFORE AND AFTER I

   SEG    COORDINATES OF SEGM CENTER     SEGM    ORIENTATION ANGLES    WIRE    CONNECTION DATA   TAG
   No:       X         Y         Z      LENGTH     ALPHA      BETA    RADIUS    I-     I    I+   No:
     1    0.1078    0.0142    0.0133    0.0294   12.8353   97.4990    0.0010   241     1     2     1
     2    0.1005    0.0416    0.0198    0.0294   12.8353  112.5007    0.0010     1     2     3     2
     3    0.0863    0.0662    0.0263    0.0294   12.8353  127.4994    0.0010     2     3     4     3
     4    0.0662    0.0863    0.0328    0.0294   12.8353  142.5006    0.0010     3     4     5     4
     5    0.0416    0.1005    0.0394    0.0294   12.8353  157.4993    0.0010     4     5     6     5
     6    0.0142    0.1078    0.0459    0.0294   12.8353  172.5010    0.0010     5     6     7     6
     7   -0.0142    0.1078    0.0524    0.0294   12.8353 -172.5010    0.0010     6     7     8     7
     8   -0.0416    0.1005    0.0589    0.0294   12.8353 -157.4993    0.0010     7     8     9     8
     9   -0.0662    0.0863    0.0655    0.0294   12.8372 -142.5006    0.0010     8     9    10     9
    10   -0.0863    0.0662    0.0720    0.0294   12.8353 -127.4994    0.0010     9    10    11    10
    11   -0.1005    0.0416    0.0785    0.0294   12.8353 -112.5007    0.0010    10    11    12    11
    12   -0.1078    0.0142    0.0850    0.0294   12.8353  -97.4990    0.0010    11    12    13    12
    13   -0.1078   -0.0142    0.0916    0.0294   12.8353  -82.5010    0.0010    12    13    14    13
    14   -0.1005   -0.0416    0.0981    0.0294   12.8353  -67.4993    0.0010    13    14    15    14
    15   -0.0863   -0.0662    0.1046    0.0294   12.8353  -52.5006    0.0010    14    15    16    15
    16   -0.0662   -0.0863    0.1111    0.0294   12.8353  -37.4994    0.0010    15    16    17    16
    17   -0.0416   -0.1005    0.1176    0.0294   12.8353  -22.5007    0.0010    16    17    18    17
    18   -0.0142   -0.1078    0.1242    0.0294   12.8353   -7.4990    0.0010    17    18    19    18
    19    0.0142   -0.1078    0.1307    0.0294   12.8353    7.4990    0.0010    18    19    20    19
    20    0.0416   -0.1005    0.1372    0.0294   12.8353   22.5007    0.0010    19    20    21    20
    21    0.0662   -0.0863    0.1437    0.0294   12.8353   37.4994    0.0010    20    21    22    21
    22    0.0863   -0.0662    0.1503    0.0294   12.8353   52.5006    0.0010    21    22    23    22
    23    0.1005   -0.0416    0.1568    0.0294   12.8353   67.4993    0.0010    22    23    24    23
    24    0.1078   -0.0142    0.1633    0.0294   12.8353   82.5010    0.0010    23    24    25    24
    25    0.1078    0.0142    0.1698    0.0294   12.8353   97.4990    0.0010    24    25    26    25
    26    0.1005    0.0416    0.1764    0.0294   12.8372  112.5007    0.0010    25    26    27    26
    27    0.0863    0.0662    0.1829    0.0294   12.8353  127.4994    0.0010    26    27    28    27
    28    0.0662    0.0863    0.1894    0.0294   12.8353  142.5006    0.0010    27    28    29    28
    29    0.0416    0.1005    0.1959    0.0294   12.8353  157.4993    0.0010    28    29    30    29
    30    0.0142    0.1078    0.2025    0.0294   12.8353  172.5010    0.0010    29    30    31    30
    31   -0.0142    0.1078    0.2090    0.0294   12.8353 -172.5010    0.0010    30    31    32    31
    32   -0.0416    0.1005    0.2155    0.0294   12.8353 -157.4993    0.0010    31    32    33    32
    33   -0.0662    0.0863    0.2220    0.0294   12.8353 -142.5006    0.0010    32    33    34    33
    34   -0.0863    0.0662    0.2286    0.0294   12.8353 -127.4994    0.0010    33    34    35    34
    35   -0.1005    0.0416    0.2351    0.0294   12.8353 -112.5007    0.0010    34    35    36    35
    36   -0.1078    0.0142    0.2416    0.0294   12.8353  -97.4990    0.0010    35    36    37    36
    37   -0.1078   -0.0142    0.2481    0.0294   12.8353  -82.5010    0.0010    36    37    38    37
    38   -0.1005   -0.0416    0.2547    0.0294   12.8353  -67.4993    0.0010    37    38    39    38
    39   -0.0863   -0.0662    0.2612    0.0294   12.8353  -52.5006    0.0010    38    39    40    39
    40   -0.0662   -0.0863    0.2677    0.0294   12.8353  -37.4994    0.0010    39    40    41    40
    41   -0.0416   -0.1005    0.2742    0.0294   12.8353  -22.5007    0.0010    40    41    42    41
    42   -0.0142   -0.1078    0.2807    0.0294   12.8353   -7.4990    0.0010    41    42    43    42
    43    0.0142   -0.1078    0.2873    0.0294   12.8372    7.4990    0.0010    42    43    44    43
    44    0.0416   -0.1005    0.2938    0.0294   12.8353   22.5007    0.0010    43    44    45    44
    45    0.0662   -0.0863    0.3003    0.0294   12.8353   37.4994    0.0010    44    45    46    45
    46    0.0863   -0.0662    0.3068    0.0294   12.8353   52.5006    0.0010    45    46    47    46
    47    0.1005   -0.0416    0.3134    0.0294   12.8353   67.4993    0.0010    46    47    48    47
    48    0.1078   -0.0142    0.3199    0.0294   12.8353   82.5010    0.0010    47    48    49    48
    49    0.1078    0.0142    0.3264    0.0294   12.8353   97.4990    0.0010    48    49    50    49
    50    0.1005    0.0416    0.3329    0.0294   12.8353  112.5007    0.0010    49    50    51    50
    51    0.0863    0.0662    0.3395    0.0294   12.8353  127.4994    0.0010    50    51    52    51
    52    0.0662    0.0863    0.3460    0.0294   12.8353  142.5006    0.0010    51    52    53    52
    53    0.0416    0.1005    0.3525    0.0294   12.8353  157.4993    0.0010    52    53    54    53
    54    0.0142    0.1078    0.3590    0.0294   12.8353  172.5010    0.0010    53    54    55    54
    55   -0.0142    0.1078    0.3656    0.0294   12.8353 -172.5010    0.0010    54    55    56    55
    56   -0.0416    0.1005    0.3721    0.0294   12.8353 -157.4993    0.0010    55    56    57    56
    57   -0.0662    0.0863    0.3786    0.0294   12.8353 -142.5006    0.0010    56    57    58    57
    58   -0.0863    0.0662    0.3851    0.0294   12.8353 -127.4994    0.0010    57    58    59    58
    59   -0.1005    0.0416    0.3917    0.0294   12.8353 -112.5007    0.0010    58    59    60    59
    60   -0.1078    0.0142    0.3982    0.0294   12.8372  -97.4990    0.0010    59    60    61    60
    61   -0.1078   -0.0142    0.4047    0.0294   12.8353  -82.5010    0.0010    60    61    62    61
    62   -0.1005   -0.0416    0.4112    0.0294   12.8353  -67.4993    0.0010    61    62    63    62
    63   -0.0863   -0.0662    0.4178    0.0294   12.8353  -52.5006    0.0010    62    63    64    63
    64   -0.0662   -0.0863    0.4243    0.0294   12.8353  -37.4994    0.0010    63    64    65    64
    65   -0.0416   -0.1005    0.4308    0.0294   12.8353  -22.5007    0.0010    64    65    66    65
    66   -0.0142   -0.1078    0.4373    0.0294   12.8353   -7.4990    0.0010    65    66    67    66
    67    0.0142   -0.1078    0.4438    0.0294   12.8353    7.4990    0.0010    66    67    68    67
    68    0.0416   -0.1005    0.4504    0.0294   12.8353   22.5007    0.0010    67    68    69    68
    69    0.0662   -0.0863    0.4569    0.0294   12.8353   37.4994    0.0010    68    69    70    69
    70    0.0863   -0.0662    0.4634    0.0294   12.8353   52.5006    0.0010    69    70    71    70
    71    0.1005   -0.0416    0.4699    0.0294   12.8353   67.4993    0.0010    70    71    72    71
    72    0.1078   -0.0142    0.4765    0.0294   12.8353   82.5010    0.0010    71    72    73    72
    73    0.1078    0.0142    0.4830    0.0294   12.8353   97.4990    0.0010    72    73    74    73
    74    0.1005    0.0416    0.4895    0.0294   12.8353  112.5007    0.0010    73    74    75    74
    75    0.0863    0.0662    0.4960    0.0294   12.8353  127.4994    0.0010    74    75    76    75
    76    0.0662    0.0863    0.5026    0.0294   12.8353  142.5006    0.0010    75    76    77    76
    77    0.0416    0.1005    0.5091    0.0294   12.8372  157.4993    0.0010    76    77    78    77
    78    0.0142    0.1078    0.5156    0.0294   12.8353  172.5010    0.0010    77    78    79    78
    79   -0.0142    0.1078    0.5221    0.0294   12.8353 -172.5010    0.0010    78    79    80    79
    80   -0.0416    0.1005    0.5287    0.0294   12.8353 -157.4993    0.0010    79    80    81    80
    81   -0.0662    0.0863    0.5352    0.0294   12.8353 -142.5006    0.0010    80    81    82    81
    82   -0.0863    0.0662    0.5417    0.0294   12.8353 -127.4994    0.0010    81    82    83    82
    83   -0.1005    0.0416    0.5482    0.0294   12.8353 -112.5007    0.0010    82    83    84    83
    84   -0.1078    0.0142    0.5548    0.0294   12.8353  -97.4990    0.0010    83    84    85    84
    85   -0.1078   -0.0142    0.5613    0.0294   12.8353  -82.5010    0.0010    84    85    86    85
    86   -0.1005   -0.0416    0.5678    0.0294   12.8353  -67.4993    0.0010    85    86    87    86
    87   -0.0863   -0.0662    0.5743    0.0294   12.8353  -52.5006    0.0010    86    87    88    87
    88   -0.0662   -0.0863    0.5809    0.0294   12.8353  -37.4994    0.0010    87    88    89    88
    89   -0.0416   -0.1005    0.5874    0.0294   12.8353  -22.5007    0.0010    88    89    90    89
    90   -0.0142   -0.1078    0.5939    0.0294   12.8353   -7.4990    0.0010    89    90    91    90
    91    0.0142   -0.1078    0.6004    0.0294   12.8353    7.4990    0.0010    90    91    92    91
    92    0.0416   -0.1005    0.6070    0.0294   12.8353   22.5007    0.0010    91    92    93    92
    93    0.0662   -0.0863    0.6135    0.0294   12.8353   37.4994    0.0010    92    93    94    93
    94    0.0863   -0.0662    0.6200    0.0294   12.8372   52.5006    0.0010    93    94    95    94
    95    0.1005   -0.0416    0.6265    0.0294   12.8353   67.4993    0.0010    94    95    96    95
    96    0.1078   -0.0142    0.6330    0.0294   12.8353   82.5010    0.0010    95    96    97    96
    97    0.1078    0.0142    0.6396    0.0294   12.8353   97.4990    0.0010    96    97    98    97
    98    0.1005    0.0416    0.6461    0.0294   12.8353  112.5007    0.0010    97    98    99    98
    99    0.0863    0.0662    0.6526    0.0294   12.8353  127.4994    0.0010    98    99   100    99
   100    0.0662    0.0863    0.6591    0.0294   12.8353  142.5006    0.0010    99   100   101   100
   101    0.0416    0.1005    0.6657    0.0294   12.8353  157.4993    0.0010   100   101   102   101
   102    0.0142    0.1078    0.6722    0.0294   12.8353  172.5010    0.0010   101   102   103   102
   103   -0.0142    0.1078    0.6787    0.0294   12.8353 -172.5010    0.0010   102   103   104   103
   104   -0.0416    0.1005    0.6852    0.0294   12.8353 -157.4993    0.0010   103   104   105   104
   105   -0.0662    0.0863    0.6918    0.0294   12.8353 -142.5006    0.0010   104   105   106   105
   106   -0.0863    0.0662    0.6983    0.0294   12.8353 -127.4994    0.0010   105   106   107   106
   107   -0.1005    0.0416    0.7048    0.0294   12.8353 -112.5007    0.0010   106   107   108   107
   108   -0.1078    0.0142    0.7113    0.0294   12.8353  -97.4990    0.0010   107   108   109   108
   109   -0.1078   -0.0142    0.7179    0.0294   12.8353  -82.5010    0.0010   108   109   110   109
   110   -0.1005   -0.0416    0.7244    0.0294   12.8353  -67.4993    0.0010   109   110   111   110
   111   -0.0863   -0.0662    0.7309    0.0294   12.8372  -52.5006    0.0010   110   111   112   111
   112   -0.0662   -0.0863    0.7374    0.0294   12.8353  -37.4994    0.0010   111   112   113   112
   113   -0.0416   -0.1005    0.7440    0.0294   12.8353  -22.5007    0.0010   112   113   114   113
   114   -0.0142   -0.1078    0.7505    0.0294   12.8353   -7.4990    0.0010   113   114   115   114
   115    0.0142   -0.1078    0.7570    0.0294   12.8353    7.4990    0.0010   114   115   116   115
   116    0.0416   -0.1005    0.7635    0.0294   12.8353   22.5007    0.0010   115   116   117   116
   117    0.0662   -0.0863    0.7701    0.0294   12.8353   37.4994    0.0010   116   117   118   117
   118    0.0863   -0.0662    0.7766    0.0294   12.8353   52.5006    0.0010   117   118   119   118
   119    0.1005   -0.0416    0.7831    0.0294   12.8353   67.4993    0.0010   118   119   120   119
   120    0.1078   -0.0142    0.7896    0.0294   12.8353   82.5010    0.0010   119   120   121   120
   121    0.1078    0.0142    0.7961    0.0294   12.8353   97.4990    0.0010   120   121   122   121
   122    0.1005    0.0416    0.8027    0.0294   12.8353  112.5007    0.0010   121   122   123   122
   123    0.0863    0.0662    0.8092    0.0294   12.8353  127.4994    0.0010   122   123   124   123
   124    0.0662    0.0863    0.8157    0.0294   12.8353  142.5006    0.0010   123   124   125   124
   125    0.0416    0.1005    0.8222    0.0294   12.8353  157.4993    0.0010   124   125   126   125
   126    0.0142    0.1078    0.8288    0.0294   12.8353  172.5010    0.0010   125   126   127   126
   127   -0.0142    0.1078    0.8353    0.0294   12.8353 -172.5010    0.0010   126   127   128   127
   128   -0.0416    0.1005    0.8418    0.0294   12.8372 -157.4993    0.0010   127   128   129   128
   129   -0.0662    0.0863    0.8483    0.0294   12.8353 -142.5006    0.0010   128   129   130   129
   130   -0.0863    0.0662    0.8549    0.0294   12.8353 -127.4994    0.0010   129   130   131   130
   131   -0.1005    0.0416    0.8614    0.0294   12.8353 -112.5007    0.0010   130   131   132   131
   132   -0.1078    0.0142    0.8679    0.0294   12.8353  -97.4990    0.0010   131   132   133   132
   133   -0.1078   -0.0142    0.8744    0.0294   12.8353  -82.5010    0.0010   132   133   134   133
   134   -0.1005   -0.0416    0.8810    0.0294   12.8353  -67.4993    0.0010   133   134   135   134
   135   -0.0863   -0.0662    0.8875    0.0294   12.8353  -52.5006    0.0010   134   135   136   135
   136   -0.0662   -0.0863    0.8940    0.0294   12.8353  -37.4994    0.0010   135   136   137   136
   137   -0.0416   -0.1005    0.9005    0.0294   12.8353  -22.5007    0.0010   136   137   138   137
   138   -0.0142   -0.1078    0.9071    0.0294   12.8353   -7.4990    0.0010   137   138   139   138
   139    0.0142   -0.1078    0.9136    0.0294   12.8353    7.4990    0.0010   138   139   140   139
   140    0.0416   -0.1005    0.9201    0.0294   12.8353   22.5007    0.0010   139   140   141   140
   141    0.0662   -0.0863    0.9266    0.0294   12.8353   37.4994    0.0010   140   141   142   141
   142    0.0863   -0.0662    0.9332    0.0294   12.8353   52.5006    0.0010   141   142   143   142
   143    0.1005   -0.0416    0.9397    0.0294   12.8353   67.4993    0.0010   142   143   144   143
   144    0.1078   -0.0142    0.9462    0.0294   12.8353   82.5010    0.0010   143   144   145   144
   145    0.1078    0.0142    0.9527    0.0294   12.8372   97.4990    0.0010   144   145   146   145
   146    0.1005    0.0416    0.9593    0.0294   12.8353  112.5007    0.0010   145   146   147   146
   147    0.0863    0.0662    0.9658    0.0294   12.8353  127.4994    0.0010   146   147   148   147
   148    0.0662    0.0863    0.9723    0.0294   12.8353  142.5006    0.0010   147   148   149   148
   149    0.0416    0.1005    0.9788    0.0294   12.8353  157.4993    0.0010   148   149   150   149
   150    0.0142    0.1078    0.9853    0.0294   12.8353  172.5010    0.0010   149   150   151   150
   151   -0.0142    0.1078    0.9919    0.0294   12.8353 -172.5010    0.0010   150   151   152   151
   152   -0.0416    0.1005    0.9984    0.0294   12.8353 -157.4993    0.0010   151   152   153   152
   153   -0.0662    0.0863    1.0049    0.0294   12.8353 -142.5006    0.0010   152   153   154   153
   154   -0.0863    0.0662    1.0114    0.0294   12.8353 -127.4994    0.0010   153   154   155   154
   155   -0.1005    0.0416    1.0180    0.0294   12.8353 -112.5007    0.0010   154   155   156   155
   156   -0.1078    0.0142    1.0245    0.0294   12.8353  -97.4990    0.0010   155   156   157   156
   157   -0.1078   -0.0142    1.0310    0.0294   12.8353  -82.5010    0.0010   156   157   158   157
   158   -0.1005   -0.0416    1.0375    0.0294   12.8353  -67.4993    0.0010   157   158   159   158
   159   -0.0863   -0.0662    1.0441    0.0294   12.8353  -52.5006    0.0010   158   159   160   159
   160   -0.0662   -0.0863    1.0506    0.0294   12.8353  -37.4994    0.0010   159   160   161   160
   161   -0.0416   -0.1005    1.0571    0.0294   12.8353  -22.5007    0.0010   160   161   162   161
   162   -0.0142   -0.1078    1.0636    0.0294   12.8372   -7.4990    0.0010   161   162   163   162
   163    0.0142   -0.1078    1.0702    0.0294   12.8353    7.4990    0.0010   162   163   164   163
   164    0.0416   -0.1005    1.0767    0.0294   12.8353   22.5007    0.0010   163   164   165   164
   165    0.0662   -0.0863    1.0832    0.0294   12.8353   37.4994    0.0010   164   165   166   165
   166    0.0863   -0.0662    1.0897    0.0294   12.8353   52.5006    0.0010   165   166   167   166
   167    0.1005   -0.0416    1.0963    0.0294   12.8353   67.4993    0.0010   166   167   168   167
   168    0.1078   -0.0142    1.1028    0.0294   12.8353   82.5010    0.0010   167   168   169   168
   169    0.1078    0.0142    1.1093    0.0294   12.8353   97.4990    0.0010   168   169   170   169
   170    0.1005    0.0416    1.1158    0.0294   12.8353  112.5007    0.0010   169   170   171   170
   171    0.0863    0.0662    1.1224    0.0294   12.8353  127.4994    0.0010   170   171   172   171
   172    0.0662    0.0863    1.1289    0.0294   12.8353  142.5006    0.0010   171   172   173   172
   173    0.0416    0.1005    1.1354    0.0294   12.8353  157.4993    0.0010   172   173   174   173
   174    0.0142    0.1078    1.1419    0.0294   12.8353  172.5010    0.0010   173   174   175   174
   175   -0.0142    0.1078    1.1484    0.0294   12.8353 -172.5010    0.0010   174   175   176   175
   176   -0.0416    0.1005    1.1550    0.0294   12.8353 -157.4993    0.0010   175   176   177   176
   177   -0.0662    0.0863    1.1615    0.0294   12.8353 -142.5006    0.0010   176   177   178   177
   178   -0.0863    0.0662    1.1680    0.0294   12.8353 -127.4994    0.0010   177   178   179   178
   179   -0.1005    0.0416    1.1745    0.0294   12.8372 -112.5007    0.0010   178   179   180   179
   180   -0.1078    0.0142    1.1811    0.0294   12.8353  -97.4990    0.0010   179   180   181   180
   181   -0.1078   -0.0142    1.1876    0.0294   12.8353  -82.5010    0.0010   180   181   182   181
   182   -0.1005   -0.0416    1.1941    0.0294   12.8353  -67.4993    0.0010   181   182   183   182
   183   -0.0863   -0.0662    1.2006    0.0294   12.8353  -52.5006    0.0010   182   183   184   183
   184   -0.0662   -0.0863    1.2072    0.0294   12.8353  -37.4994    0.0010   183   184   185   184
   185   -0.0416   -0.1005    1.2137    0.0294   12.8353  -22.5007    0.0010   184   185   186   185
   186   -0.0142   -0.1078    1.2202    0.0294   12.8353   -7.4990    0.0010   185   186   187   186
   187    0.0142   -0.1078    1.2267    0.0294   12.8353    7.4990    0.0010   186   187   188   187
   188    0.0416   -0.1005    1.2333    0.0294   12.8353   22.5007    0.0010   187   188   189   188
   189    0.0662   -0.0863    1.2398    0.0294   12.8353   37.4994    0.0010   188   189   190   189
   190    0.0863   -0.0662    1.2463    0.0294   12.8353   52.5006    0.0010   189   190   191   190
   191    0.1005   -0.0416    1.2528    0.0294   12.8353   67.4993    0.0010   190   191   192   191
   192    0.1078   -0.0142    1.2594    0.0294   12.8353   82.5010    0.0010   191   192   193   192
   193    0.1078    0.0142    1.2659    0.0294   12.8353   97.4990    0.0010   192   193   194   193
   194    0.1005    0.0416    1.2724    0.0294   12.8353  112.5007    0.0010   193   194   195   194
   195    0.0863    0.0662    1.2789    0.0294   12.8353  127.4994    0.0010   194   195   196   195
   196    0.0662    0.0863    1.2855    0.0294   12.8372  142.5006    0.0010   195   196   197   196
   197    0.0416    0.1005    1.2920    0.0294   12.8353  157.4993    0.0010   196   197   198   197
   198    0.0142    0.1078    1.2985    0.0294   12.8353  172.5010    0.0010   197   198   199   198
   199   -0.0142    0.1078    1.3050    0.0294   12.8353 -172.5010    0.0010   198   199   200   199
   200   -0.0416    0.1005    1.3115    0.0294   12.8353 -157.4993    0.0010   199   200   201   200
   201   -0.0662    0.0863    1.3181    0.0294   12.8353 -142.5006    0.0010   200   201   202   201
   202   -0.0863    0.0662    1.3246    0.0294   12.8353 -127.4994    0.0010   201   202   203   202
   203   -0.1005    0.0416    1.3311    0.0294   12.8353 -112.5007    0.0010   202   203   204   203
   204   -0.1078    0.0142    1.3376    0.0294   12.8353  -97.4990    0.0010   203   204   205   204
   205   -0.1078   -0.0142    1.3442    0.0294   12.8353  -82.5010    0.0010   204   205   206   205
   206   -0.1005   -0.0416    1.3507    0.0294   12.8353  -67.4993    0.0010   205   206   207   206
   207   -0.0863   -0.0662    1.3572    0.0294   12.8353  -52.5006    0.0010   206   207   208   207
   208   -0.0662   -0.0863    1.3637    0.0294   12.8353  -37.4994    0.0010   207   208   209   208
   209   -0.0416   -0.1005    1.3703    0.0294   12.8353  -22.5007    0.0010   208   209   210   209
   210   -0.0142   -0.1078    1.3768    0.0294   12.8353   -7.4990    0.0010   209   210   211   210
   211    0.0142   -0.1078    1.3833    0.0294   12.8353    7.4990    0.0010   210   211   212   211
   212    0.0416   -0.1005    1.3898    0.0294   12.8353   22.5007    0.0010   211   212   213   212
   213    0.0662   -0.0863    1.3964    0.0294   12.8372   37.4994    0.0010   212   213   214   213
   214    0.0863   -0.0662    1.4029    0.0294   12.8353   52.5006    0.0010   213   214   215   214
   215    0.1005   -0.0416    1.4094    0.0294   12.8353   67.4993    0.0010   214   215   216   215
   216    0.1078   -0.0142    1.4159    0.0294   12.8353   82.5010    0.0010   215   216   217   216
   217    0.1078    0.0142    1.4225    0.0294   12.8353   97.4990    0.0010   216   217   218   217
   218    0.1005    0.0416    1.4290    0.0294   12.8353  112.5007    0.0010   217   218   219   218
   219    0.0863    0.0662    1.4355    0.0294   12.8353  127.4994    0.0010   218   219   220   219
   220    0.0662    0.0863    1.4420    0.0294   12.8353  142.5006    0.0010   219   220   221   220
   221    0.0416    0.1005    1.4486    0.0294   12.8353  157.4993    0.0010   220   221   222   221
   222    0.0142    0.1078    1.4551    0.0294   12.8353  172.5010    0.0010   221   222   223   222
   223   -0.0142    0.1078    1.4616    0.0294   12.8353 -172.5010    0.0010   222   223   224   223
   224   -0.0416    0.1005    1.4681    0.0294   12.8353 -157.4993    0.0010   223   224   225   224
   225   -0.0662    0.0863    1.4747    0.0294   12.8353 -142.5006    0.0010   224   225   226   225
   226   -0.0863    0.0662    1.4812    0.0294   12.8353 -127.4994    0.0010   225   226   227   226
   227   -0.1005    0.0416    1.4877    0.0294   12.8353 -112.5007    0.0010   226   227   228   227
   228   -0.1078    0.0142    1.4942    0.0294   12.8353  -97.4990    0.0010   227   228   229   228
   229   -0.1078   -0.0142    1.5007    0.0294   12.8353  -82.5010    0.0010   228   229   230   229
   230   -0.1005   -0.0416    1.5073    0.0294   12.8372  -67.4993    0.0010   229   230   231   230
   231   -0.0863   -0.0662    1.5138    0.0294   12.8353  -52.5006    0.0010   230   231   232   231
   232   -0.0662   -0.0863    1.5203    0.0294   12.8353  -37.4994    0.0010   231   232   233   232
   233   -0.0416   -0.1005    1.5268    0.0294   12.8353  -22.5007    0.0010   232   233   234   233
   234   -0.0142   -0.1078    1.5334    0.0294   12.8353   -7.4990    0.0010   233   234   235   234
   235    0.0142   -0.1078    1.5399    0.0294   12.8353    7.4990    0.0010   234   235   236   235
   236    0.0416   -0.1005    1.5464    0.0294   12.8353   22.5007    0.0010   235   236   237   236
   237    0.0662   -0.0863    1.5529    0.0294   12.8353   37.4994    0.0010   236   237   238   237
   238    0.0863   -0.0662    1.5595    0.0294   12.8353   52.5006    0.0010   237   238   239   238
   239    0.1005   -0.0416    1.5660    0.0294   12.8353   67.4993    0.0010   238   239   240   239
   240    0.1078   -0.0142    1.5725    0.0294   12.8353   82.5010    0.0010   239   240     0   240
   241    0.1097    0.0000    0.0050    0.0100   90.0000    0.0000    0.0010   241   241     1   241



  DATA CARD No:   1 GN   1     0     0     0  0.00000E+00  0.00000E+00  0.00000E+00  0.00000E+00  0.00000E+00  0.00000E+00
  DATA CARD No:   2 EX   0   241     1     0  1.00000E+00  0.00000E+00  0.00000E+00  0.00000E+00  0.00000E+00  0.00000E+00
  DATA CARD No:   3 FR   0     1     0     0  4.35000E+02  0.00000E+00  0.00000E+00  0.00000E+00  0.00000E+00  0.00000E+00
  DATA CARD No:   4 RP   0     1     1     0  5.00000E+00  0.00000E+00  0.00000E+00  0.00000E+00  0.00000E+00  1.00000E+00


                               --------- FREQUENCY --------
                                FREQUENCY : 4.3500E+02 MHz
                                WAVELENGTH: 6.8920E-01 Mtr

                        APPROXIMATE INTEGRATION EMPLOYED FOR SEGMENTS 
                        THAT ARE MORE THAN 1.000 WAVELENGTHS APART


                          ------ STRUCTURE IMPEDANCE LOADING ------
                                 THIS STRUCTURE IS NOT LOADED


                            -------- ANTENNA ENVIRONMENT --------
                            PERFECT GROUND


                             ---------- MATRIX TIMING ----------
                               FILL: 10 msec  FACTOR: 10 msec


                        --------- ANTENNA INPUT PARAMETERS ---------
  TAG   SEG       VOLTAGE (VOLTS)         CURRENT (AMPS)         IMPEDANCE (OHMS)        ADMITTANCE (MHOS)     POWER
  No:   No:     REAL      IMAGINARY     REAL      IMAGINARY     REAL      IMAGINARY    REAL       IMAGINARY   (WATTS)
  241   241  1.0000E+00  0.0000E+00  4.7490E-03  1.0662E-03  2.0047E+02 -4.5007E+01  4.7490E-03  1.0662E-03  2.3745E-03


                           -------- CURRENTS AND LOCATION --------
                                  DISTANCES IN WAVELENGTHS

   SEG  TAG    COORDINATES OF SEGM CENTER     SEGM    ------------- CURRENT (AMPS) -------------
   No:  No:       X         Y         Z      LENGTH     REAL      IMAGINARY    MAGN        PHASE
     1    1    0.1564    0.0206    0.0192   0.04261  4.6572E-03  9.4607E-05  4.6582E-03    1.164
     2    2    0.1458    0.0604    0.0287   0.04261  4.2777E-03 -1.1999E-03  4.4428E-03  -15.668
     3    3    0.1252    0.0961    0.0382   0.04261  3.6421E-03 -2.2622E-03  4.2875E-03  -31.845
     4    4    0.0961    0.1252    0.0476   0.04261  2.8008E-03 -3.0859E-03  4.1674E-03  -47.773
     5    5    0.0604    0.1458    0.0571   0.04261  1.8147E-03 -3.6434E-03  4.0703E-03  -63.523
     6    6    0.0206    0.1564    0.0666   0.04261  7.5289E-04 -3.9161E-03  3.9878E-03  -79.117
     7    7   -0.0206    0.1564    0.0760   0.04261 -3.1155E-04 -3.9006E-03  3.9130E-03  -94.567
     8    8   -0.0604    0.1458    0.0855   0.04261 -1.3067E-03 -3.6111E-03  3.8402E-03 -109.893
     9    9   -0.0961    0.1252    0.0950   0.04261 -2.1669E-03 -3.0792E-03  3.7652E-03 -125.135
    10   10   -0.1252    0.0961    0.1044   0.04261 -2.8375E-03 -2.3520E-03  3.6856E-03 -140.345
    11   11   -0.1458    0.0604    0.1139   0.04261 -3.2787E-03 -1.4888E-03  3.6009E-03 -155.579
    12   12   -0.1564    0.0206    0.1234   0.04261 -3.4685E-03 -5.5642E-04  3.5129E-03 -170.886
    13   13   -0.1564   -0.0206    0.1328   0.04261 -3.4038E-03  3.7539E-04  3.4244E-03  173.706
    14   14   -0.1458   -0.0604    0.1423   0.04261 -3.1003E-03  1.2397E-03  3.3389E-03  158.205
    15   15   -0.1252   -0.0961    0.1518   0.04261 -2.5906E-03  1.9771E-03  3.2589E-03  142.650
    16   16   -0.0961   -0.1252    0.1612   0.04261 -1.9216E-03  2.5401E-03  3.1850E-03  127.108
    17   17   -0.0604   -0.1458    0.1707   0.04261 -1.1496E-03  2.8962E-03  3.1160E-03  111.651
    18   18   -0.0206   -0.1564    0.1802   0.04261 -3.3633E-04  3.0300E-03  3.0486E-03   96.334
    19   19    0.0206   -0.1564    0.1896   0.04261  4.5672E-04  2.9437E-03  2.9789E-03   81.181
    20   20    0.0604   -0.1458    0.1991   0.04261  1.1727E-03  2.6562E-03  2.9035E-03   66.178
    21   21    0.0961   -0.1252    0.2086   0.04261  1.7638E-03  2.2005E-03  2.8202E-03   51.286
    22   22    0.1252   -0.0961    0.2180   0.04261  2.1944E-03  1.6211E-03  2.7283E-03   36.455
    23   23    0.1458   -0.0604    0.2275   0.04261  2.4432E-03  9.6922E-04  2.6284E-03   21.638
    24   24    0.1564   -0.0206    0.2370   0.04261  2.5039E-03  2.9832E-04  2.5216E-03    6.794
    25   25    0.1564    0.0206    0.2464   0.04261  2.3850E-03 -3.4039E-04  2.4092E-03   -8.122
    26   26    0.1458    0.0604    0.2559   0.04261  2.1082E-03 -9.0199E-04  2.2931E-03  -23.163
    27   27    0.1252    0.0961    0.2654   0.04261  1.7060E-03 -1.3509E-03  2.1761E-03  -38.374
    28   28    0.0961    0.1252    0.2748   0.04261  1.2183E-03 -1.6631E-03  2.0616E-03  -53.775
    29   29    0.0604    0.1458    0.2843   0.04261  6.8906E-04 -1.8269E-03  1.9525E-03  -69.335
    30   30    0.0206    0.1564    0.2938   0.04261  1.6205E-04 -1.8434E-03  1.8505E-03  -84.976
    31   31   -0.0206    0.1564    0.3032   0.04261 -3.2257E-04 -1.7254E-03  1.7552E-03 -100.590
    32   32   -0.0604    0.1458    0.3127   0.04261 -7.3151E-04 -1.4952E-03  1.6646E-03 -116.070
    33   33   -0.0961    0.1252    0.3222   0.04261 -1.0408E-03 -1.1826E-03  1.5753E-03 -131.351
    34   34   -0.1252    0.0961    0.3316   0.04261 -1.2369E-03 -8.2098E-04  1.4846E-03 -146.426
    35   35   -0.1458    0.0604    0.3411   0.04261 -1.3176E-03 -4.4470E-04  1.3906E-03 -161.350
    36   36   -0.1564    0.0206    0.3506   0.04261 -1.2905E-03 -8.5495E-05  1.2933E-03 -176.210
    37   37   -0.1564   -0.0206    0.3600   0.04261 -1.1721E-03  2.2998E-04  1.1945E-03  168.899
    38   38   -0.1458   -0.0604    0.3695   0.04261 -9.8503E-04  4.8214E-04  1.0967E-03  153.920
    39   39   -0.1252   -0.0961    0.3790   0.04261 -7.5520E-04  6.5960E-04  1.0027E-03  138.866
    40   40   -0.0961   -0.1252    0.3884   0.04261 -5.0915E-04  7.5937E-04  9.1426E-04  123.841
    41   41   -0.0604   -0.1458    0.3979   0.04261 -2.7123E-04  7.8618E-04  8.3165E-04  109.034
    42   42   -0.0206   -0.1564    0.4074   0.04261 -6.1357E-05  7.5113E-04  7.5364E-04   94.670
    43   43    0.0206   -0.1564    0.4168   0.04261  1.0651E-04  6.6977E-04  6.7818E-04   80.964
    44   44    0.0604   -0.1458    0.4263   0.04261  2.2520E-04  5.5986E-04  6.0346E-04   68.088
    45   45    0.0961   -0.1252    0.4358   0.04261  2.9425E-04  4.3926E-04  5.2871E-04   56.182
    46   46    0.1252   -0.0961    0.4452   0.04261  3.1916E-04  3.2380E-04  4.5465E-04   45.413
    47   47    0.1458   -0.0604    0.4547   0.04261  3.1001E-04  2.2573E-04  3.8349E-04   36.060
    48   48    0.1564   -0.0206    0.4642   0.04261  2.7970E-04  1.5267E-04  3.1865E-04   28.628
    49   49    0.1564    0.0206    0.4736   0.04261  2.4200E-04  1.0713E-04  2.6465E-04   23.879
    50   50    0.1458    0.0604    0.4831   0.04261  2.0965E-04  8.6711E-05  2.2687E-04   22.470
    51   51    0.1252    0.0961    0.4926   0.04261  1.9274E-04  8.4882E-05  2.1060E-04   23.769
    52   52    0.0961    0.1252    0.5020   0.04261  1.9742E-04  9.2187E-05  2.1788E-04   25.031
    53   53    0.0604    0.1458    0.5115   0.04261  2.2521E-04  9.7784E-05  2.4552E-04   23.470
    54   54    0.0206    0.1564    0.5210   0.04261  2.7289E-04  9.1116E-05  2.8770E-04   18.464
    55   55   -0.0206    0.1564    0.5304   0.04261  3.3295E-04  6.3513E-05  3.3895E-04   10.800
    56   56   -0.0604    0.1458    0.5399   0.04261  3.9460E-04  9.5569E-06  3.9472E-04    1.387
    57   57   -0.0961    0.1252    0.5493   0.04261  4.4526E-04 -7.1965E-05  4.5104E-04   -9.181
    58   58   -0.1252    0.0961    0.5588   0.04261  4.7222E-04 -1.7763E-04  5.0453E-04  -20.615
    59   59   -0.1458    0.0604    0.5683   0.04261  4.6448E-04 -2.9957E-04  5.5271E-04  -32.820
    60   60   -0.1564    0.0206    0.5777   0.04261  4.1433E-04 -4.2618E-04  5.9439E-04  -45.807
    61   61   -0.1564   -0.0206    0.5872   0.04261  3.1866E-04 -5.4341E-04  6.2995E-04  -59.612
    62   62   -0.1458   -0.0604    0.5967   0.04261  1.7973E-04 -6.3639E-04  6.6128E-04  -74.230
    63   63   -0.1252   -0.0961    0.6061   0.04261  5.2728E-06 -6.9124E-04  6.9126E-04  -89.563
    64   64   -0.0961   -0.1252    0.6156   0.04261 -1.9196E-04 -6.9683E-04  7.2278E-04 -105.402
    65   65   -0.0604   -0.1458    0.6251   0.04261 -3.9538E-04 -6.4629E-04  7.5764E-04 -121.457
    66   66   -0.0206   -0.1564    0.6345   0.04261 -5.8615E-04 -5.3817E-04  7.9573E-04 -137.444
    67   67    0.0206   -0.1564    0.6440   0.04261 -7.4514E-04 -3.7686E-04  8.3502E-04 -153.171
    68   68    0.0604   -0.1458    0.6535   0.04261 -8.5499E-04 -1.7258E-04  8.7223E-04 -168.588
    69   69    0.0961   -0.1252    0.6629   0.04261 -9.0203E-04  5.9506E-05  9.0400E-04  176.226
    70   70    0.1252   -0.0961    0.6724   0.04261 -8.7790E-04  3.0051E-04  9.2791E-04  161.104
    71   71    0.1458   -0.0604    0.6819   0.04261 -7.8061E-04  5.2965E-04  9.4333E-04  145.843
    72   72    0.1564   -0.0206    0.6913   0.04261 -6.1502E-04  7.2620E-04  9.5164E-04  130.261
    73   73    0.1564    0.0206    0.7008   0.04261 -3.9261E-04  8.7158E-04  9.5593E-04  114.249
    74   74    0.1458    0.0604    0.7103   0.04261 -1.3057E-04  9.5119E-04  9.6011E-04   97.816
    75   75    0.1252    0.0961    0.7197   0.04261  1.4968E-04  9.5591E-04  9.6755E-04   81.101
    76   76    0.0961    0.1252    0.7292   0.04261  4.2438E-04  8.8315E-04  9.7982E-04   64.334
    77   77    0.0604    0.1458    0.7387   0.04261  6.6968E-04  7.3722E-04  9.9598E-04   47.748
    78   78    0.0206    0.1564    0.7481   0.04261  8.6382E-04  5.2909E-04  1.0130E-03   31.488
    79   79   -0.0206    0.1564    0.7576   0.04261  9.8918E-04  2.7549E-04  1.0268E-03   15.563
    80   80   -0.0604    0.1458    0.7671   0.04261  1.0341E-03 -2.4959E-06  1.0341E-03   -0.138
    81   81   -0.0961    0.1252    0.7765   0.04261  9.9385E-04 -2.8136E-04  1.0329E-03  -15.807
    82   82   -0.1252    0.0961    0.7860   0.04261  8.7145E-04 -5.3724E-04  1.0237E-03  -31.654
    83   83   -0.1458    0.0604    0.7955   0.04261  6.7724E-04 -7.4819E-04  1.0092E-03  -47.850
    84   84   -0.1564    0.0206    0.8049   0.04261  4.2808E-04 -8.9615E-04  9.9315E-04  -64.467
    85   85   -0.1564   -0.0206    0.8144   0.04261  1.4584E-04 -9.6871E-04  9.7963E-04  -81.439
    86   86   -0.1458   -0.0604    0.8239   0.04261 -1.4471E-04 -9.6022E-04  9.7106E-04  -98.570
    87   87   -0.1252   -0.0961    0.8333   0.04261 -4.1810E-04 -8.7234E-04  9.6736E-04 -115.608
    88   88   -0.0961   -0.1252    0.8428   0.04261 -6.5067E-04 -7.1390E-04  9.6593E-04 -132.347
    89   89   -0.0604   -0.1458    0.8523   0.04261 -8.2267E-04 -4.9995E-04  9.6267E-04 -148.712
    90   90   -0.0206   -0.1564    0.8617   0.04261 -9.2018E-04 -2.5038E-04  9.5363E-04 -164.778
    91   91    0.0206   -0.1564    0.8712   0.04261 -9.3627E-04  1.2035E-05  9.3634E-04  179.264
    92   92    0.0604   -0.1458    0.8807   0.04261 -8.7160E-04  2.6383E-04  9.1066E-04  163.159
    93   93    0.0961   -0.1252    0.8901   0.04261 -7.3424E-04  4.8304E-04  8.7889E-04  146.660
    94   94    0.1252   -0.0961    0.8996   0.04261 -5.3872E-04  6.5125E-04  8.4519E-04  129.598
    95   95    0.1458   -0.0604    0.9091   0.04261 -3.0456E-04  7.5525E-04  8.1434E-04  111.962
    96   96    0.1564   -0.0206    0.9185   0.04261 -5.4290E-05  7.8815E-04  7.9002E-04   93.940
    97   97    0.1564    0.0206    0.9280   0.04261  1.8874E-04  7.4990E-04  7.7328E-04   75.873
    98   98    0.1458    0.0604    0.9375   0.04261  4.0262E-04  6.4704E-04  7.6208E-04   58.108
    99   99    0.1252    0.0961    0.9469   0.04261  5.6888E-04  4.9197E-04  7.5211E-04   40.853
   100  100    0.0961    0.1252    0.9564   0.04261  6.7421E-04  3.0153E-04  7.3857E-04   24.096
   101  101    0.0604    0.1458    0.9659   0.04261  7.1151E-04  9.5283E-05  7.1786E-04    7.627
   102  102    0.0206    0.1564    0.9753   0.04261  6.8046E-04 -1.0647E-04  6.8874E-04   -8.893
   103  103   -0.0206    0.1564    0.9848   0.04261  5.8729E-04 -2.8467E-04  6.5265E-04  -25.860
   104  104   -0.0604    0.1458    0.9943   0.04261  4.4404E-04 -4.2332E-04  6.1349E-04  -43.632
   105  105   -0.0961    0.1252    1.0037   0.04261  2.6714E-04 -5.1098E-04  5.7660E-04  -62.399
   106  106   -0.1252    0.0961    1.0132   0.04261  7.5716E-05 -5.4175E-04  5.4701E-04  -82.044
   107  107   -0.1458    0.0604    1.0227   0.04261 -1.1044E-04 -5.1568E-04  5.2737E-04 -102.088
   108  108   -0.1564    0.0206    1.0321   0.04261 -2.7284E-04 -4.3860E-04  5.1654E-04 -121.885
   109  109   -0.1564   -0.0206    1.0416   0.04261 -3.9620E-04 -3.2134E-04  5.1013E-04 -140.956
   110  110   -0.1458   -0.0604    1.0511   0.04261 -4.6983E-04 -1.7844E-04  5.0257E-04 -159.203
   111  111   -0.1252   -0.0961    1.0605   0.04261 -4.8866E-04 -2.6553E-05  4.8939E-04 -176.890
   112  112   -0.0961   -0.1252    1.0700   0.04261 -4.5360E-04  1.1739E-04  4.6854E-04  165.491
   113  113   -0.0604   -0.1458    1.0795   0.04261 -3.7121E-04  2.3795E-04  4.4093E-04  147.340
   114  114   -0.0206   -0.1564    1.0889   0.04261 -2.5291E-04  3.2281E-04  4.1008E-04  128.077
   115  115    0.0206   -0.1564    1.0984   0.04261 -1.1354E-04  3.6399E-04  3.8129E-04  107.324
   116  116    0.0604   -0.1458    1.1079   0.04261  3.0260E-05  3.5859E-04  3.5987E-04   85.176
   117  117    0.0961   -0.1252    1.1173   0.04261  1.6194E-04  3.0898E-04  3.4884E-04   62.340
   118  118    0.1252   -0.0961    1.1268   0.04261  2.6684E-04  2.2238E-04  3.4735E-04   39.807
   119  119    0.1458   -0.0604    1.1363   0.04261  3.3371E-04  1.1000E-04  3.5137E-04   18.244
   120  120    0.1564   -0.0206    1.1457   0.04261  3.5587E-04 -1.4266E-05  3.5616E-04   -2.296
   121  121    0.1564    0.0206    1.1552   0.04261  3.3188E-04 -1.3546E-04  3.5846E-04  -22.204
   122  122    0.1458    0.0604    1.1647   0.04261  2.6553E-04 -2.3919E-04  3.5738E-04  -42.012
   123  123    0.1252    0.0961    1.1741   0.04261  1.6539E-04 -3.1317E-04  3.5416E-04  -62.161
   124  124    0.0961    0.1252    1.1836   0.04261  4.3764E-05 -3.4858E-04  3.5132E-04  -82.844
   125  125    0.0604    0.1458    1.1931   0.04261 -8.4693E-05 -3.4099E-04  3.5135E-04 -103.948
   126  126    0.0206    0.1564    1.2025   0.04261 -2.0461E-04 -2.9081E-04  3.5558E-04 -125.131
   127  127   -0.0206    0.1564    1.2120   0.04261 -3.0162E-04 -2.0321E-04  3.6369E-04 -146.030
   128  128   -0.0604    0.1458    1.2214   0.04261 -3.6389E-04 -8.7612E-05  3.7429E-04 -166.463
   129  129   -0.0961    0.1252    1.2309   0.04261 -3.8350E-04  4.3395E-05  3.8594E-04  173.544
   130  130   -0.1252    0.0961    1.2404   0.04261 -3.5724E-04  1.7536E-04  3.9796E-04  153.855
   131  131   -0.1458    0.0604    1.2498   0.04261 -2.8707E-04  2.9354E-04  4.1058E-04  134.362
   132  132   -0.1564    0.0206    1.2593   0.04261 -1.7993E-04  3.8448E-04  4.2450E-04  115.078
   133  133   -0.1564   -0.0206    1.2688   0.04261 -4.6973E-05  4.3749E-04  4.4001E-04   96.128
   134  134   -0.1458   -0.0604    1.2782   0.04261  9.7531E-05  4.4581E-04  4.5635E-04   77.660
   135  135   -0.1252   -0.0961    1.2877   0.04261  2.3776E-04  4.0735E-04  4.7166E-04   59.728
   136  136   -0.0961   -0.1252    1.2972   0.04261  3.5806E-04  3.2500E-04  4.8356E-04   42.230
   137  137   -0.0604   -0.1458    1.3066   0.04261  4.4458E-04  2.0638E-04  4.9014E-04   24.901
   138  138   -0.0206   -0.1564    1.3161   0.04261  4.8687E-04  6.3015E-05  4.9093E-04    7.375
   139  139    0.0206   -0.1564    1.3256   0.04261  4.7904E-04 -9.0778E-05  4.8757E-04  -10.730
   140  140    0.0604   -0.1458    1.3350   0.04261  4.2043E-04 -2.3941E-04  4.8381E-04  -29.659
   141  141    0.0961   -0.1252    1.3445   0.04261  3.1577E-04 -3.6762E-04  4.8462E-04  -49.339
   142  142    0.1252   -0.0961    1.3540   0.04261  1.7474E-04 -4.6212E-04  4.9405E-04  -69.286
   143  143    0.1458   -0.0604    1.3634   0.04261  1.1059E-05 -5.1291E-04  5.1303E-04  -88.765
   144  144    0.1564   -0.0206    1.3729   0.04261 -1.5899E-04 -5.1441E-04  5.3842E-04 -107.174
   145  145    0.1564    0.0206    1.3824   0.04261 -3.1815E-04 -4.6602E-04  5.6426E-04 -124.321
   146  146    0.1458    0.0604    1.3918   0.04261 -4.5001E-04 -3.7216E-04  5.8396E-04 -140.409
   147  147    0.1252    0.0961    1.4013   0.04261 -5.4069E-04 -2.4191E-04  5.9234E-04 -155.896
   148  148    0.0961    0.1252    1.4108   0.04261 -5.8029E-04 -8.7990E-05  5.8693E-04 -171.378
   149  149    0.0604    0.1458    1.4202   0.04261 -5.6394E-04  7.4453E-05  5.6884E-04  172.479
   150  150    0.0206    0.1564    1.4297   0.04261 -4.9233E-04  2.2943E-04  5.4316E-04  155.014
   151  151   -0.0206    0.1564    1.4392   0.04261 -3.7167E-04  3.6172E-04  5.1863E-04  135.777
   152  152   -0.0604    0.1458    1.4486   0.04261 -2.1316E-04  4.5840E-04  5.0554E-04  114.939
   153  153   -0.0961    0.1252    1.4581   0.04261 -3.1859E-05  5.1016E-04  5.1115E-04   93.573
   154  154   -0.1252    0.0961    1.4676   0.04261  1.5478E-04  5.1220E-04  5.3508E-04   73.186
   155  155   -0.1458    0.0604    1.4770   0.04261  3.2863E-04  4.6476E-04  5.6921E-04   54.736
   156  156   -0.1564    0.0206    1.4865   0.04261  4.7272E-04  3.7301E-04  6.0216E-04   38.276
   157  157   -0.1564   -0.0206    1.4960   0.04261  5.7289E-04  2.4654E-04  6.2369E-04   23.284
   158  158   -0.1458   -0.0604    1.5054   0.04261  6.1926E-04  9.8357E-05  6.2702E-04    9.025
   159  159   -0.1252   -0.0961    1.5149   0.04261  6.0719E-04 -5.6464E-05  6.0981E-04   -5.313
   160  160   -0.0961   -0.1252    1.5244   0.04261  5.3781E-04 -2.0232E-04  5.7461E-04  -20.616
   161  161   -0.0604   -0.1458    1.5338   0.04261  4.1784E-04 -3.2469E-04  5.2916E-04  -37.849
   162  162   -0.0206   -0.1564    1.5433   0.04261  2.5897E-04 -4.1159E-04  4.8628E-04  -57.822
   163  163    0.0206   -0.1564    1.5528   0.04261  7.6689E-05 -4.5480E-04  4.6122E-04  -80.429
   164  164    0.0604   -0.1458    1.5622   0.04261 -1.1130E-04 -4.5069E-04  4.6423E-04 -103.872
   165  165    0.0961   -0.1252    1.5717   0.04261 -2.8683E-04 -4.0051E-04  4.9263E-04 -125.609
   166  166    0.1252   -0.0961    1.5812   0.04261 -4.3308E-04 -3.1027E-04  5.3275E-04 -144.382
   167  167    0.1458   -0.0604    1.5906   0.04261 -5.3623E-04 -1.9003E-04  5.6890E-04 -160.487
   168  168    0.1564   -0.0206    1.6001   0.04261 -5.8683E-04 -5.2863E-05  5.8920E-04 -174.853
   169  169    0.1564    0.0206    1.6096   0.04261 -5.8066E-04  8.6539E-05  5.8708E-04  171.523
   170  170    0.1458    0.0604    1.6190   0.04261 -5.1914E-04  2.1341E-04  5.6130E-04  157.653
   171  171    0.1252    0.0961    1.6285   0.04261 -4.0908E-04  3.1445E-04  5.1597E-04  142.452
   172  172    0.0961    0.1252    1.6380   0.04261 -2.6196E-04  3.7917E-04  4.6086E-04  124.640
   173  173    0.0604    0.1458    1.6474   0.04261 -9.2732E-05  4.0099E-04  4.1157E-04  103.021
   174  174    0.0206    0.1564    1.6569   0.04261  8.1695E-05  3.7792E-04  3.8665E-04   77.802
   175  175   -0.0206    0.1564    1.6664   0.04261  2.4417E-04  3.1273E-04  3.9676E-04   52.018
   176  176   -0.0604    0.1458    1.6758   0.04261  3.7903E-04  2.1264E-04  4.3460E-04   29.293
   177  177   -0.0961    0.1252    1.6853   0.04261  4.7358E-04  8.8585E-05  4.8179E-04   10.595
   178  178   -0.1252    0.0961    1.6948   0.04261  5.1940E-04 -4.5949E-05  5.2143E-04   -5.055
   179  179   -0.1458    0.0604    1.7042   0.04261  5.1310E-04 -1.7633E-04  5.4256E-04  -18.966
   180  180   -0.1564    0.0206    1.7137   0.04261  4.5658E-04 -2.8834E-04  5.4001E-04  -32.273
   181  181   -0.1564   -0.0206    1.7232   0.04261  3.5680E-04 -3.6961E-04  5.1373E-04  -46.011
   182  182   -0.1458   -0.0604    1.7326   0.04261  2.2494E-04 -4.1102E-04  4.6855E-04  -61.309
   183  183   -0.1252   -0.0961    1.7421   0.04261  7.5277E-05 -4.0758E-04  4.1447E-04  -79.536
   184  184   -0.0961   -0.1252    1.7516   0.04261 -7.6413E-05 -3.5904E-04  3.6708E-04 -102.015
   185  185   -0.0604   -0.1458    1.7610   0.04261 -2.1447E-04 -2.6990E-04  3.4474E-04 -128.471
   186  186   -0.0206   -0.1564    1.7705   0.04261 -3.2499E-04 -1.4900E-04  3.5751E-04 -155.370
   187  187    0.0206   -0.1564    1.7800   0.04261 -3.9725E-04 -8.5907E-06  3.9735E-04 -178.761
   188  188    0.0604   -0.1458    1.7894   0.04261 -4.2482E-04  1.3690E-04  4.4633E-04  162.138
   189  189    0.0961   -0.1252    1.7989   0.04261 -4.0610E-04  2.7236E-04  4.8898E-04  146.151
   190  190    0.1252   -0.0961    1.8084   0.04261 -3.4448E-04  3.8358E-04  5.1556E-04  131.926
   191  191    0.1458   -0.0604    1.8178   0.04261 -2.4784E-04  4.5868E-04  5.2135E-04  118.384
   192  192    0.1564   -0.0206    1.8273   0.04261 -1.2766E-04  4.8936E-04  5.0574E-04  104.621
   193  193    0.1564    0.0206    1.8368   0.04261  2.2928E-06  4.7180E-04  4.7180E-04   89.722
   194  194    0.1458    0.0604    1.8462   0.04261  1.2748E-04  4.0698E-04  4.2648E-04   72.607
   195  195    0.1252    0.0961    1.8557   0.04261  2.3418E-04  3.0068E-04  3.8112E-04   52.088
   196  196    0.0961    0.1252    1.8652   0.04261  3.1092E-04  1.6285E-04  3.5099E-04   27.644
   197  197    0.0604    0.1458    1.8746   0.04261  3.4975E-04  6.6246E-06  3.4981E-04    1.085
   198  198    0.0206    0.1564    1.8841   0.04261  3.4697E-04 -1.5299E-04  3.7920E-04  -23.794
   199  199   -0.0206    0.1564    1.8936   0.04261  3.0354E-04 -3.0059E-04  4.2719E-04  -44.720
   200  200   -0.0604    0.1458    1.9030   0.04261  2.2493E-04 -4.2193E-04  4.7814E-04  -61.937
   201  201   -0.0961    0.1252    1.9125   0.04261  1.2046E-04 -5.0529E-04  5.1945E-04  -76.591
   202  202   -0.1252    0.0961    1.9219   0.04261  2.2895E-06 -5.4265E-04  5.4265E-04  -89.758
   203  203   -0.1458    0.0604    1.9314   0.04261 -1.1590E-04 -5.3041E-04  5.4292E-04 -102.326
   204  204   -0.1564    0.0206    1.9409   0.04261 -2.2040E-04 -4.6975E-04  5.1888E-04 -115.136
   205  205   -0.1564   -0.0206    1.9503   0.04261 -2.9899E-04 -3.6646E-04  4.7295E-04 -129.211
   206  206   -0.1458   -0.0604    1.9598   0.04261 -3.4224E-04 -2.3034E-04  4.1253E-04 -146.058
   207  207   -0.1252   -0.0961    1.9693   0.04261 -3.4459E-04 -7.4205E-05  3.5249E-04 -167.847
   208  208   -0.0961   -0.1252    1.9787   0.04261 -3.0503E-04  8.7389E-05  3.1730E-04  164.013
   209  209   -0.0604   -0.1458    1.9882   0.04261 -2.2721E-04  2.3959E-04  3.3019E-04  133.480
   210  210   -0.0206   -0.1564    1.9977   0.04261 -1.1916E-04  3.6870E-04  3.8748E-04  107.911
   211  211    0.0206   -0.1564    2.0071   0.04261  7.4994E-06  4.6347E-04  4.6353E-04   89.073
   212  212    0.0604   -0.1458    2.0166   0.04261  1.3879E-04  5.1618E-04  5.3451E-04   74.950
   213  213    0.0961   -0.1252    2.0261   0.04261  2.5982E-04  5.2328E-04  5.8423E-04   63.595
   214  214    0.1252   -0.0961    2.0355   0.04261  3.5633E-04  4.8571E-04  6.0240E-04   53.735
   215  215    0.1458   -0.0604    2.0450   0.04261  4.1632E-04  4.0868E-04  5.8339E-04   44.470
   216  216    0.1564   -0.0206    2.0545   0.04261  4.3133E-04  3.0103E-04  5.2599E-04   34.912
   217  217    0.1564    0.0206    2.0639   0.04261  3.9752E-04  1.7429E-04  4.3405E-04   23.674
   218  218    0.1458    0.0604    2.0734   0.04261  3.1628E-04  4.1345E-05  3.1897E-04    7.448
   219  219    0.1252    0.0961    2.0829   0.04261  1.9426E-04 -8.4872E-05  2.1199E-04  -23.600
   220  220    0.0961    0.1252    2.0923   0.04261  4.2872E-05 -1.9280E-04  1.9751E-04  -77.463
   221  221    0.0604    0.1458    2.1018   0.04261 -1.2290E-04 -2.7337E-04  2.9973E-04 -114.207
   222  222    0.0206    0.1564    2.1113   0.04261 -2.8601E-04 -3.2090E-04  4.2986E-04 -131.710
   223  223   -0.0206    0.1564    2.1207   0.04261 -4.2918E-04 -3.3349E-04  5.4352E-04 -142.151
   224  224   -0.0604    0.1458    2.1302   0.04261 -5.3666E-04 -3.1314E-04  6.2133E-04 -149.737
   225  225   -0.0961    0.1252    2.1397   0.04261 -5.9591E-04 -2.6528E-04  6.5229E-04 -156.003
   226  226   -0.1252    0.0961    2.1491   0.04261 -5.9897E-04 -1.9808E-04  6.3088E-04 -161.701
   227  227   -0.1458    0.0604    2.1586   0.04261 -5.4331E-04 -1.2135E-04  5.5669E-04 -167.410
   228  228   -0.1564    0.0206    2.1681   0.04261 -4.3223E-04 -4.5304E-05  4.3460E-04 -174.016
   229  229   -0.1564   -0.0206    2.1775   0.04261 -2.7465E-04  2.0613E-05  2.7542E-04  175.708
   230  230   -0.1458   -0.0604    2.1870   0.04261 -8.4337E-05  6.8904E-05  1.0891E-04  140.751
   231  231   -0.1252   -0.0961    2.1965   0.04261  1.2138E-04  9.4868E-05  1.5405E-04   38.010
   232  232   -0.0961   -0.1252    2.2059   0.04261  3.2321E-04  9.7122E-05  3.3749E-04   16.725
   233  233   -0.0604   -0.1458    2.2154   0.04261  5.0178E-04  7.7720E-05  5.0776E-04    8.805
   234  234   -0.0206   -0.1564    2.2249   0.04261  6.3945E-04  4.1852E-05  6.4082E-04    3.745
   235  235    0.0206   -0.1564    2.2343   0.04261  7.2205E-04 -2.8399E-06  7.2206E-04   -0.225
   236  236    0.0604   -0.1458    2.2438   0.04261  7.4021E-04 -4.7217E-05  7.4171E-04   -3.650
   237  237    0.0961   -0.1252    2.2533   0.04261  6.9013E-04 -8.1765E-05  6.9496E-04   -6.757
   238  238    0.1252   -0.0961    2.2627   0.04261  5.7370E-04 -9.7690E-05  5.8196E-04   -9.664
   239  239    0.1458   -0.0604    2.2722   0.04261  3.9732E-04 -8.7684E-05  4.0688E-04  -12.445
   240  240    0.1564   -0.0206    2.2817   0.04261  1.6100E-04 -4.3436E-05  1.6675E-04  -15.098
   241  241    0.1592    0.0000    0.0073   0.01451  4.7490E-03  1.0662E-03  4.8672E-03   12.654


                               ---------- POWER BUDGET ---------
                               INPUT POWER   =  2.3745E-03 Watts
                               RADIATED POWER=  2.3745E-03 Watts
                               STRUCTURE LOSS=  0.0000E+00 Watts
                               NETWORK LOSS  =  0.0000E+00 Watts
                               EFFICIENCY    =  100.00 Percent


                             ---------- RADIATION PATTERNS -----------

 ---- ANGLES -----     ----- POWER GAINS -----       ---- POLARIZATION ----   ---- E(THETA) ----    ----- E(PHI) ------
  THETA      PHI       MAJOR    MINOR    TOTAL       AXIAL      TILT  SENSE   MAGNITUDE    PHASE    MAGNITUDE     PHASE
 DEGREES   DEGREES        DB       DB       DB       RATIO   DEGREES            VOLTS/M   DEGREES     VOLTS/M   DEGREES
    5.00      0.00      7.92     7.00    10.50      0.8991     53.51 RIGHT   8.7925E-01     59.98  9.0694E-01    -24.20



  DATA CARD No:   5 EN   0     0     0     0  0.00000E+00  0.00000E+00  0.00000E+00  0.00000E+00  0.00000E+00  0.00000E+00

  TOTAL RUN TIME: 20 msec